Archive member included to satisfy reference by file (symbol)

c:/ac6/systemworkbench/plugins/fr.ac6.mcu.externaltools.arm-none.win32_1.16.0.201807130628/tools/compiler/bin/../lib/gcc/arm-none-eabi/7.2.1/../../../../arm-none-eabi/lib/thumb/v7e-m/fpv5/hard\libc_nano.a(lib_a-exit.o)
                              c:/ac6/systemworkbench/plugins/fr.ac6.mcu.externaltools.arm-none.win32_1.16.0.201807130628/tools/compiler/bin/../lib/gcc/arm-none-eabi/7.2.1/../../../../arm-none-eabi/lib/thumb/v7e-m/fpv5/hard/crt0.o (exit)
c:/ac6/systemworkbench/plugins/fr.ac6.mcu.externaltools.arm-none.win32_1.16.0.201807130628/tools/compiler/bin/../lib/gcc/arm-none-eabi/7.2.1/../../../../arm-none-eabi/lib/thumb/v7e-m/fpv5/hard\libc_nano.a(lib_a-impure.o)
                              c:/ac6/systemworkbench/plugins/fr.ac6.mcu.externaltools.arm-none.win32_1.16.0.201807130628/tools/compiler/bin/../lib/gcc/arm-none-eabi/7.2.1/../../../../arm-none-eabi/lib/thumb/v7e-m/fpv5/hard\libc_nano.a(lib_a-exit.o) (_global_impure_ptr)
c:/ac6/systemworkbench/plugins/fr.ac6.mcu.externaltools.arm-none.win32_1.16.0.201807130628/tools/compiler/bin/../lib/gcc/arm-none-eabi/7.2.1/../../../../arm-none-eabi/lib/thumb/v7e-m/fpv5/hard\libc_nano.a(lib_a-init.o)
                              c:/ac6/systemworkbench/plugins/fr.ac6.mcu.externaltools.arm-none.win32_1.16.0.201807130628/tools/compiler/bin/../lib/gcc/arm-none-eabi/7.2.1/../../../../arm-none-eabi/lib/thumb/v7e-m/fpv5/hard/crt0.o (__libc_init_array)
c:/ac6/systemworkbench/plugins/fr.ac6.mcu.externaltools.arm-none.win32_1.16.0.201807130628/tools/compiler/bin/../lib/gcc/arm-none-eabi/7.2.1/../../../../arm-none-eabi/lib/thumb/v7e-m/fpv5/hard\libc_nano.a(lib_a-memset.o)
                              c:/ac6/systemworkbench/plugins/fr.ac6.mcu.externaltools.arm-none.win32_1.16.0.201807130628/tools/compiler/bin/../lib/gcc/arm-none-eabi/7.2.1/../../../../arm-none-eabi/lib/thumb/v7e-m/fpv5/hard/crt0.o (memset)
c:/ac6/systemworkbench/plugins/fr.ac6.mcu.externaltools.arm-none.win32_1.16.0.201807130628/tools/compiler/bin/../lib/gcc/arm-none-eabi/7.2.1/../../../../arm-none-eabi/lib/thumb/v7e-m/fpv5/hard\libc_nano.a(lib_a-strlen.o)
                              src/uart.o (strlen)
c:/ac6/systemworkbench/plugins/fr.ac6.mcu.externaltools.arm-none.win32_1.16.0.201807130628/tools/compiler/bin/../lib/gcc/arm-none-eabi/7.2.1/../../../../arm-none-eabi/lib/thumb/v7e-m/fpv5/hard\libnosys.a(_exit.o)
                              c:/ac6/systemworkbench/plugins/fr.ac6.mcu.externaltools.arm-none.win32_1.16.0.201807130628/tools/compiler/bin/../lib/gcc/arm-none-eabi/7.2.1/../../../../arm-none-eabi/lib/thumb/v7e-m/fpv5/hard\libc_nano.a(lib_a-exit.o) (_exit)

Allocating common symbols
Common symbol       size              file

uwTick              0x4               stm32lib/Drivers/STM32F7xx_HAL_Driver/Src/stm32f7xx_hal.o
USB_UART            0x70              src/init.o
Second_UART         0x70              src/task_3a.o

Discarded input sections

 .text          0x00000000        0x0 c:/ac6/systemworkbench/plugins/fr.ac6.mcu.externaltools.arm-none.win32_1.16.0.201807130628/tools/compiler/bin/../lib/gcc/arm-none-eabi/7.2.1/thumb/v7e-m/fpv5/hard/crti.o
 .data          0x00000000        0x0 c:/ac6/systemworkbench/plugins/fr.ac6.mcu.externaltools.arm-none.win32_1.16.0.201807130628/tools/compiler/bin/../lib/gcc/arm-none-eabi/7.2.1/thumb/v7e-m/fpv5/hard/crti.o
 .bss           0x00000000        0x0 c:/ac6/systemworkbench/plugins/fr.ac6.mcu.externaltools.arm-none.win32_1.16.0.201807130628/tools/compiler/bin/../lib/gcc/arm-none-eabi/7.2.1/thumb/v7e-m/fpv5/hard/crti.o
 .data          0x00000000        0x4 c:/ac6/systemworkbench/plugins/fr.ac6.mcu.externaltools.arm-none.win32_1.16.0.201807130628/tools/compiler/bin/../lib/gcc/arm-none-eabi/7.2.1/thumb/v7e-m/fpv5/hard/crtbegin.o
 .text          0x00000000       0x74 c:/ac6/systemworkbench/plugins/fr.ac6.mcu.externaltools.arm-none.win32_1.16.0.201807130628/tools/compiler/bin/../lib/gcc/arm-none-eabi/7.2.1/../../../../arm-none-eabi/lib/thumb/v7e-m/fpv5/hard/crt0.o
 .data          0x00000000        0x0 c:/ac6/systemworkbench/plugins/fr.ac6.mcu.externaltools.arm-none.win32_1.16.0.201807130628/tools/compiler/bin/../lib/gcc/arm-none-eabi/7.2.1/../../../../arm-none-eabi/lib/thumb/v7e-m/fpv5/hard/crt0.o
 .bss           0x00000000        0x0 c:/ac6/systemworkbench/plugins/fr.ac6.mcu.externaltools.arm-none.win32_1.16.0.201807130628/tools/compiler/bin/../lib/gcc/arm-none-eabi/7.2.1/../../../../arm-none-eabi/lib/thumb/v7e-m/fpv5/hard/crt0.o
 .ARM.extab     0x00000000        0x0 c:/ac6/systemworkbench/plugins/fr.ac6.mcu.externaltools.arm-none.win32_1.16.0.201807130628/tools/compiler/bin/../lib/gcc/arm-none-eabi/7.2.1/../../../../arm-none-eabi/lib/thumb/v7e-m/fpv5/hard/crt0.o
[...]
Memory Configuration

Name             Origin             Length             Attributes
RAM              0x20000000         0x00080000         xrw
ROM              0x08000000         0x00200000         xr
*default*        0x00000000         0xffffffff

Linker script and memory map

LOAD c:/ac6/systemworkbench/plugins/fr.ac6.mcu.externaltools.arm-none.win32_1.16.0.201807130628/tools/compiler/bin/../lib/gcc/arm-none-eabi/7.2.1/thumb/v7e-m/fpv5/hard/crti.o
LOAD c:/ac6/systemworkbench/plugins/fr.ac6.mcu.externaltools.arm-none.win32_1.16.0.201807130628/tools/compiler/bin/../lib/gcc/arm-none-eabi/7.2.1/thumb/v7e-m/fpv5/hard/crtbegin.o
LOAD c:/ac6/systemworkbench/plugins/fr.ac6.mcu.externaltools.arm-none.win32_1.16.0.201807130628/tools/compiler/bin/../lib/gcc/arm-none-eabi/7.2.1/../../../../arm-none-eabi/lib/thumb/v7e-m/fpv5/hard/crt0.o
LOAD src/init.o
LOAD src/task_3a.o
LOAD src/uart.o
LOAD startup/startup_stm32f769xx.o
LOAD stm32lib/Drivers/CMSIS/Device/ST/STM32F7xx/Source/Templates/system_stm32f7xx.o
LOAD stm32lib/Drivers/STM32F7xx_HAL_Driver/Src/stm32f7xx_hal.o
LOAD stm32lib/Drivers/STM32F7xx_HAL_Driver/Src/stm32f7xx_hal_cortex.o
LOAD stm32lib/Drivers/STM32F7xx_HAL_Driver/Src/stm32f7xx_hal_gpio.o
LOAD stm32lib/Drivers/STM32F7xx_HAL_Driver/Src/stm32f7xx_hal_pwr.o
LOAD stm32lib/Drivers/STM32F7xx_HAL_Driver/Src/stm32f7xx_hal_pwr_ex.o
LOAD stm32lib/Drivers/STM32F7xx_HAL_Driver/Src/stm32f7xx_hal_rcc.o
LOAD stm32lib/Drivers/STM32F7xx_HAL_Driver/Src/stm32f7xx_hal_rcc_ex.o
LOAD stm32lib/Drivers/STM32F7xx_HAL_Driver/Src/stm32f7xx_hal_uart.o
LOAD c:/ac6/systemworkbench/plugins/fr.ac6.mcu.externaltools.arm-none.win32_1.16.0.201807130628/tools/compiler/bin/../lib/gcc/arm-none-eabi/7.2.1/../../../../arm-none-eabi/lib/thumb/v7e-m/fpv5/hard\libm.a
START GROUP
LOAD c:/ac6/systemworkbench/plugins/fr.ac6.mcu.externaltools.arm-none.win32_1.16.0.201807130628/tools/compiler/bin/../lib/gcc/arm-none-eabi/7.2.1/thumb/v7e-m/fpv5/hard\libgcc.a
LOAD c:/ac6/systemworkbench/plugins/fr.ac6.mcu.externaltools.arm-none.win32_1.16.0.201807130628/tools/compiler/bin/../lib/gcc/arm-none-eabi/7.2.1/../../../../arm-none-eabi/lib/thumb/v7e-m/fpv5/hard\libc_nano.a
END GROUP
START GROUP
LOAD c:/ac6/systemworkbench/plugins/fr.ac6.mcu.externaltools.arm-none.win32_1.16.0.201807130628/tools/compiler/bin/../lib/gcc/arm-none-eabi/7.2.1/thumb/v7e-m/fpv5/hard\libgcc.a
LOAD c:/ac6/systemworkbench/plugins/fr.ac6.mcu.externaltools.arm-none.win32_1.16.0.201807130628/tools/compiler/bin/../lib/gcc/arm-none-eabi/7.2.1/../../../../arm-none-eabi/lib/thumb/v7e-m/fpv5/hard\libc_nano.a
LOAD c:/ac6/systemworkbench/plugins/fr.ac6.mcu.externaltools.arm-none.win32_1.16.0.201807130628/tools/compiler/bin/../lib/gcc/arm-none-eabi/7.2.1/../../../../arm-none-eabi/lib/thumb/v7e-m/fpv5/hard\libnosys.a
END GROUP
START GROUP
LOAD c:/ac6/systemworkbench/plugins/fr.ac6.mcu.externaltools.arm-none.win32_1.16.0.201807130628/tools/compiler/bin/../lib/gcc/arm-none-eabi/7.2.1/thumb/v7e-m/fpv5/hard\libgcc.a
LOAD c:/ac6/systemworkbench/plugins/fr.ac6.mcu.externaltools.arm-none.win32_1.16.0.201807130628/tools/compiler/bin/../lib/gcc/arm-none-eabi/7.2.1/../../../../arm-none-eabi/lib/thumb/v7e-m/fpv5/hard\libc_nano.a
LOAD c:/ac6/systemworkbench/plugins/fr.ac6.mcu.externaltools.arm-none.win32_1.16.0.201807130628/tools/compiler/bin/../lib/gcc/arm-none-eabi/7.2.1/../../../../arm-none-eabi/lib/thumb/v7e-m/fpv5/hard\libnosys.a
END GROUP
LOAD c:/ac6/systemworkbench/plugins/fr.ac6.mcu.externaltools.arm-none.win32_1.16.0.201807130628/tools/compiler/bin/../lib/gcc/arm-none-eabi/7.2.1/thumb/v7e-m/fpv5/hard/crtend.o
LOAD c:/ac6/systemworkbench/plugins/fr.ac6.mcu.externaltools.arm-none.win32_1.16.0.201807130628/tools/compiler/bin/../lib/gcc/arm-none-eabi/7.2.1/thumb/v7e-m/fpv5/hard/crtn.o
                0x20080000                _estack = 0x20080000
                0x00000000                _Min_Heap_Size = 0x0
                0x00000400                _Min_Stack_Size = 0x400

.isr_vector     0x08000000      0x1f8
                0x08000000                . = ALIGN (0x4)
 *(.isr_vector)
 .isr_vector    0x08000000      0x1f8 startup/startup_stm32f769xx.o
                0x08000000                g_pfnVectors
                0x080001f8                . = ALIGN (0x4)

.text           0x080001f8     0x134c
                0x080001f8                . = ALIGN (0x4)
 *(.text)
 .text          0x080001f8       0x40 c:/ac6/systemworkbench/plugins/fr.ac6.mcu.externaltools.arm-none.win32_1.16.0.201807130628/tools/compiler/bin/../lib/gcc/arm-none-eabi/7.2.1/thumb/v7e-m/fpv5/hard/crtbegin.o
 *(.text*)
 .text.SystemClock_Config
                0x08000238       0x68 src/init.o
                0x08000238                SystemClock_Config
 .text.CPU_CACHE_Enable
                0x080002a0       0x78 src/init.o
                0x080002a0                CPU_CACHE_Enable
 .text.Sys_Init
                0x08000318       0x24 src/init.o
                0x08000318                Sys_Init
 .text.SysTick_Handler
                0x0800033c        0x8 src/init.o
                0x0800033c                SysTick_Handler
 .text.main     0x08000344       0xbc src/task_3a.o
                0x08000344                main
 .text.HAL_UART_MspInit
                0x08000400       0xd4 src/uart.o
                0x08000400                HAL_UART_MspInit
 .text.initUart
                0x080004d4       0x1a src/uart.o
                0x080004d4                initUart
 *fill*         0x080004ee        0x2 
 .text.Reset_Handler
                0x080004f0       0x50 startup/startup_stm32f769xx.o
                0x080004f0                Reset_Handler
 .text.Default_Handler
                0x08000540        0x2 startup/startup_stm32f769xx.o
                0x08000540                RTC_Alarm_IRQHandler
                0x08000540                EXTI2_IRQHandler
                0x08000540                TIM8_CC_IRQHandler
                0x08000540                DebugMon_Handler
                0x08000540                UART8_IRQHandler
                0x08000540                SPI4_IRQHandler
                0x08000540                TIM1_CC_IRQHandler
                0x08000540                DMA2_Stream5_IRQHandler
                0x08000540                HardFault_Handler
                0x08000540                JPEG_IRQHandler
                0x08000540                DMA1_Stream5_IRQHandler
                0x08000540                CAN3_RX1_IRQHandler
                0x08000540                PVD_IRQHandler
                0x08000540                TAMP_STAMP_IRQHandler
                0x08000540                PendSV_Handler
                0x08000540                NMI_Handler
                0x08000540                CAN2_RX1_IRQHandler
                0x08000540                EXTI3_IRQHandler
                0x08000540                TIM8_TRG_COM_TIM14_IRQHandler
                0x08000540                DFSDM1_FLT1_IRQHandler
                0x08000540                TIM1_UP_TIM10_IRQHandler
                0x08000540                TIM8_UP_TIM13_IRQHandler
                0x08000540                I2C3_ER_IRQHandler
                0x08000540                DFSDM1_FLT2_IRQHandler
                0x08000540                EXTI0_IRQHandler
                0x08000540                I2C2_EV_IRQHandler
                0x08000540                DMA1_Stream2_IRQHandler
                0x08000540                CAN1_RX0_IRQHandler
                0x08000540                FPU_IRQHandler
                0x08000540                OTG_HS_WKUP_IRQHandler
                0x08000540                CAN3_SCE_IRQHandler
                0x08000540                UsageFault_Handler
                0x08000540                LTDC_ER_IRQHandler
                0x08000540                CAN2_SCE_IRQHandler
                0x08000540                DMA2_Stream2_IRQHandler
                0x08000540                SPI1_IRQHandler
                0x08000540                TIM6_DAC_IRQHandler
                0x08000540                TIM1_BRK_TIM9_IRQHandler
                0x08000540                DCMI_IRQHandler
                0x08000540                CAN2_RX0_IRQHandler
                0x08000540                DMA2_Stream3_IRQHandler
                0x08000540                SAI2_IRQHandler
                0x08000540                DFSDM1_FLT3_IRQHandler
                0x08000540                USART6_IRQHandler
                0x08000540                CAN3_RX0_IRQHandler
                0x08000540                USART3_IRQHandler
                0x08000540                CAN1_RX1_IRQHandler
                0x08000540                UART5_IRQHandler
                0x08000540                DMA2_Stream0_IRQHandler
                0x08000540                TIM4_IRQHandler
                0x08000540                QUADSPI_IRQHandler
                0x08000540                I2C1_EV_IRQHandler
                0x08000540                DMA1_Stream6_IRQHandler
                0x08000540                DMA1_Stream1_IRQHandler
                0x08000540                UART4_IRQHandler
                0x08000540                TIM3_IRQHandler
                0x08000540                RCC_IRQHandler
                0x08000540                TIM8_BRK_TIM12_IRQHandler
                0x08000540                Default_Handler
                0x08000540                CEC_IRQHandler
                0x08000540                EXTI15_10_IRQHandler
                0x08000540                ADC_IRQHandler
                0x08000540                DMA1_Stream7_IRQHandler
                0x08000540                SPI5_IRQHandler
                0x08000540                TIM7_IRQHandler
                0x08000540                SDMMC1_IRQHandler
                0x08000540                CAN2_TX_IRQHandler
                0x08000540                TIM5_IRQHandler
                0x08000540                DMA2_Stream7_IRQHandler
                0x08000540                I2C3_EV_IRQHandler
                0x08000540                EXTI9_5_IRQHandler
                0x08000540                RTC_WKUP_IRQHandler
                0x08000540                LTDC_IRQHandler
                0x08000540                ETH_WKUP_IRQHandler
                0x08000540                SPDIF_RX_IRQHandler
                0x08000540                SPI2_IRQHandler
                0x08000540                OTG_HS_EP1_IN_IRQHandler
                0x08000540                MemManage_Handler
                0x08000540                DMA1_Stream0_IRQHandler
                0x08000540                CAN1_TX_IRQHandler
                0x08000540                SVC_Handler
                0x08000540                EXTI4_IRQHandler
                0x08000540                RNG_IRQHandler
                0x08000540                DSI_IRQHandler
                0x08000540                ETH_IRQHandler
                0x08000540                OTG_HS_EP1_OUT_IRQHandler
                0x08000540                WWDG_IRQHandler
                0x08000540                SPI6_IRQHandler
                0x08000540                MDIOS_IRQHandler
                0x08000540                I2C4_EV_IRQHandler
                0x08000540                CAN3_TX_IRQHandler
                0x08000540                TIM2_IRQHandler
                0x08000540                OTG_FS_WKUP_IRQHandler
                0x08000540                TIM1_TRG_COM_TIM11_IRQHandler
                0x08000540                OTG_HS_IRQHandler
                0x08000540                DMA2D_IRQHandler
                0x08000540                EXTI1_IRQHandler
                0x08000540                SDMMC2_IRQHandler
                0x08000540                UART7_IRQHandler
                0x08000540                USART2_IRQHandler
                0x08000540                DFSDM1_FLT0_IRQHandler
                0x08000540                I2C2_ER_IRQHandler
                0x08000540                DMA2_Stream1_IRQHandler
                0x08000540                CAN1_SCE_IRQHandler
                0x08000540                FLASH_IRQHandler
                0x08000540                DMA2_Stream4_IRQHandler
                0x08000540                BusFault_Handler
                0x08000540                USART1_IRQHandler
                0x08000540                OTG_FS_IRQHandler
                0x08000540                SPI3_IRQHandler
                0x08000540                DMA1_Stream4_IRQHandler
                0x08000540                I2C1_ER_IRQHandler
                0x08000540                FMC_IRQHandler
                0x08000540                LPTIM1_IRQHandler
                0x08000540                I2C4_ER_IRQHandler
                0x08000540                DMA2_Stream6_IRQHandler
                0x08000540                SAI1_IRQHandler
                0x08000540                DMA1_Stream3_IRQHandler
 *fill*         0x08000542        0x2 
 .text.SystemInit
                0x08000544       0x50 stm32lib/Drivers/CMSIS/Device/ST/STM32F7xx/Source/Templates/system_stm32f7xx.o
                0x08000544                SystemInit
 .text.HAL_MspInit
                0x08000594        0x2 stm32lib/Drivers/STM32F7xx_HAL_Driver/Src/stm32f7xx_hal.o
                0x08000594                HAL_MspInit
 *fill*         0x08000596        0x2 
 .text.HAL_InitTick
                0x08000598       0x2c stm32lib/Drivers/STM32F7xx_HAL_Driver/Src/stm32f7xx_hal.o
                0x08000598                HAL_InitTick
 .text.HAL_Init
                0x080005c4       0x24 stm32lib/Drivers/STM32F7xx_HAL_Driver/Src/stm32f7xx_hal.o
                0x080005c4                HAL_Init
 .text.HAL_IncTick
                0x080005e8       0x10 stm32lib/Drivers/STM32F7xx_HAL_Driver/Src/stm32f7xx_hal.o
                0x080005e8                HAL_IncTick
 .text.HAL_GetTick
                0x080005f8        0xc stm32lib/Drivers/STM32F7xx_HAL_Driver/Src/stm32f7xx_hal.o
                0x080005f8                HAL_GetTick
 .text.HAL_NVIC_SetPriorityGrouping
                0x08000604       0x24 stm32lib/Drivers/STM32F7xx_HAL_Driver/Src/stm32f7xx_hal_cortex.o
                0x08000604                HAL_NVIC_SetPriorityGrouping
 .text.HAL_NVIC_SetPriority
                0x08000628       0x64 stm32lib/Drivers/STM32F7xx_HAL_Driver/Src/stm32f7xx_hal_cortex.o
                0x08000628                HAL_NVIC_SetPriority
 .text.HAL_SYSTICK_Config
                0x0800068c       0x2c stm32lib/Drivers/STM32F7xx_HAL_Driver/Src/stm32f7xx_hal_cortex.o
                0x0800068c                HAL_SYSTICK_Config
 .text.HAL_GPIO_Init
                0x080006b8      0x1e0 stm32lib/Drivers/STM32F7xx_HAL_Driver/Src/stm32f7xx_hal_gpio.o
                0x080006b8                HAL_GPIO_Init
 .text.HAL_PWREx_EnableOverDrive
                0x08000898       0x7c stm32lib/Drivers/STM32F7xx_HAL_Driver/Src/stm32f7xx_hal_pwr_ex.o
                0x08000898                HAL_PWREx_EnableOverDrive
 .text.HAL_RCC_OscConfig
                0x08000914      0x41c stm32lib/Drivers/STM32F7xx_HAL_Driver/Src/stm32f7xx_hal_rcc.o
                0x08000914                HAL_RCC_OscConfig
 .text.HAL_RCC_GetSysClockFreq
                0x08000d30       0x94 stm32lib/Drivers/STM32F7xx_HAL_Driver/Src/stm32f7xx_hal_rcc.o
                0x08000d30                HAL_RCC_GetSysClockFreq
 .text.HAL_RCC_ClockConfig
                0x08000dc4      0x184 stm32lib/Drivers/STM32F7xx_HAL_Driver/Src/stm32f7xx_hal_rcc.o
                0x08000dc4                HAL_RCC_ClockConfig
 .text.HAL_RCC_GetHCLKFreq
                0x08000f48        0xc stm32lib/Drivers/STM32F7xx_HAL_Driver/Src/stm32f7xx_hal_rcc.o
                0x08000f48                HAL_RCC_GetHCLKFreq
 .text.HAL_RCC_GetPCLK1Freq
                0x08000f54       0x2c stm32lib/Drivers/STM32F7xx_HAL_Driver/Src/stm32f7xx_hal_rcc.o
                0x08000f54                HAL_RCC_GetPCLK1Freq
 .text.HAL_RCC_GetPCLK2Freq
                0x08000f80       0x2c stm32lib/Drivers/STM32F7xx_HAL_Driver/Src/stm32f7xx_hal_rcc.o
                0x08000f80                HAL_RCC_GetPCLK2Freq
 .text.UART_WaitOnFlagUntilTimeout
                0x08000fac       0x62 stm32lib/Drivers/STM32F7xx_HAL_Driver/Src/stm32f7xx_hal_uart.o
                0x08000fac                UART_WaitOnFlagUntilTimeout
 *fill*         0x0800100e        0x2 
 .text.UART_SetConfig
                0x08001010      0x35c stm32lib/Drivers/STM32F7xx_HAL_Driver/Src/stm32f7xx_hal_uart.o
                0x08001010                UART_SetConfig
 .text.UART_AdvFeatureConfig
                0x0800136c       0xca stm32lib/Drivers/STM32F7xx_HAL_Driver/Src/stm32f7xx_hal_uart.o
                0x0800136c                UART_AdvFeatureConfig
 .text.UART_CheckIdleState
                0x08001436       0x48 stm32lib/Drivers/STM32F7xx_HAL_Driver/Src/stm32f7xx_hal_uart.o
                0x08001436                UART_CheckIdleState
 .text.HAL_UART_Init
                0x0800147e       0x66 stm32lib/Drivers/STM32F7xx_HAL_Driver/Src/stm32f7xx_hal_uart.o
                0x0800147e                HAL_UART_Init
 .text.__libc_init_array
                0x080014e4       0x48 c:/ac6/systemworkbench/plugins/fr.ac6.mcu.externaltools.arm-none.win32_1.16.0.201807130628/tools/compiler/bin/../lib/gcc/arm-none-eabi/7.2.1/../../../../arm-none-eabi/lib/thumb/v7e-m/fpv5/hard\libc_nano.a(lib_a-init.o)
                0x080014e4                __libc_init_array
 *(.glue_7)
 .glue_7        0x0800152c        0x0 linker stubs
 *(.glue_7t)
 .glue_7t       0x0800152c        0x0 linker stubs
 *(.eh_frame)
 .eh_frame      0x0800152c        0x0 c:/ac6/systemworkbench/plugins/fr.ac6.mcu.externaltools.arm-none.win32_1.16.0.201807130628/tools/compiler/bin/../lib/gcc/arm-none-eabi/7.2.1/thumb/v7e-m/fpv5/hard/crtbegin.o
 *(.init)
 .init          0x0800152c        0x4 c:/ac6/systemworkbench/plugins/fr.ac6.mcu.externaltools.arm-none.win32_1.16.0.201807130628/tools/compiler/bin/../lib/gcc/arm-none-eabi/7.2.1/thumb/v7e-m/fpv5/hard/crti.o
                0x0800152c                _init
 .init          0x08001530        0x8 c:/ac6/systemworkbench/plugins/fr.ac6.mcu.externaltools.arm-none.win32_1.16.0.201807130628/tools/compiler/bin/../lib/gcc/arm-none-eabi/7.2.1/thumb/v7e-m/fpv5/hard/crtn.o
 *(.fini)
 .fini          0x08001538        0x4 c:/ac6/systemworkbench/plugins/fr.ac6.mcu.externaltools.arm-none.win32_1.16.0.201807130628/tools/compiler/bin/../lib/gcc/arm-none-eabi/7.2.1/thumb/v7e-m/fpv5/hard/crti.o
                0x08001538                _fini
 .fini          0x0800153c        0x8 c:/ac6/systemworkbench/plugins/fr.ac6.mcu.externaltools.arm-none.win32_1.16.0.201807130628/tools/compiler/bin/../lib/gcc/arm-none-eabi/7.2.1/thumb/v7e-m/fpv5/hard/crtn.o
                0x08001544                . = ALIGN (0x4)
                0x08001544                _etext = .

.vfp11_veneer   0x08001544        0x0
 .vfp11_veneer  0x08001544        0x0 linker stubs

.v4_bx          0x08001544        0x0
 .v4_bx         0x08001544        0x0 linker stubs

.iplt           0x08001544        0x0
 .iplt          0x08001544        0x0 c:/ac6/systemworkbench/plugins/fr.ac6.mcu.externaltools.arm-none.win32_1.16.0.201807130628/tools/compiler/bin/../lib/gcc/arm-none-eabi/7.2.1/thumb/v7e-m/fpv5/hard/crtbegin.o

.rodata         0x08001544       0x18
                0x08001544                . = ALIGN (0x4)
 *(.rodata)
 .rodata        0x08001544       0x18 stm32lib/Drivers/CMSIS/Device/ST/STM32F7xx/Source/Templates/system_stm32f7xx.o
                0x08001544                AHBPrescTable
                0x08001554                APBPrescTable
 *(.rodata*)
                0x0800155c                . = ALIGN (0x4)

.rel.dyn        0x0800155c        0x0
 .rel.iplt      0x0800155c        0x0 c:/ac6/systemworkbench/plugins/fr.ac6.mcu.externaltools.arm-none.win32_1.16.0.201807130628/tools/compiler/bin/../lib/gcc/arm-none-eabi/7.2.1/thumb/v7e-m/fpv5/hard/crtbegin.o

.ARM.extab      0x0800155c        0x0
                0x0800155c                . = ALIGN (0x4)
 *(.ARM.extab* .gnu.linkonce.armextab.*)
                0x0800155c                . = ALIGN (0x4)

.ARM            0x0800155c        0x0
                0x0800155c                . = ALIGN (0x4)
                0x0800155c                __exidx_start = .
 *(.ARM.exidx*)
                0x0800155c                __exidx_end = .
                0x0800155c                . = ALIGN (0x4)

.preinit_array  0x0800155c        0x0
                0x0800155c                . = ALIGN (0x4)
                0x0800155c                PROVIDE (__preinit_array_start, .)
 *(.preinit_array*)
                0x0800155c                PROVIDE (__preinit_array_end, .)
                0x0800155c                . = ALIGN (0x4)

.init_array     0x0800155c        0x4
                0x0800155c                . = ALIGN (0x4)
                0x0800155c                PROVIDE (__init_array_start, .)
 *(SORT_BY_NAME(.init_array.*))
 *(.init_array*)
 .init_array    0x0800155c        0x4 c:/ac6/systemworkbench/plugins/fr.ac6.mcu.externaltools.arm-none.win32_1.16.0.201807130628/tools/compiler/bin/../lib/gcc/arm-none-eabi/7.2.1/thumb/v7e-m/fpv5/hard/crtbegin.o
                0x08001560                PROVIDE (__init_array_end, .)
                0x08001560                . = ALIGN (0x4)

.fini_array     0x08001560        0x4
                0x08001560                . = ALIGN (0x4)
                [!provide]                PROVIDE (__fini_array_start, .)
 *(SORT_BY_NAME(.fini_array.*))
 *(.fini_array*)
 .fini_array    0x08001560        0x4 c:/ac6/systemworkbench/plugins/fr.ac6.mcu.externaltools.arm-none.win32_1.16.0.201807130628/tools/compiler/bin/../lib/gcc/arm-none-eabi/7.2.1/thumb/v7e-m/fpv5/hard/crtbegin.o
                [!provide]                PROVIDE (__fini_array_end, .)
                0x08001564                . = ALIGN (0x4)
                0x08001564                _sidata = LOADADDR (.data)

.data           0x20000000        0x4 load address 0x08001564
                0x20000000                . = ALIGN (0x4)
                0x20000000                _sdata = .
 *(.data)
 .data          0x20000000        0x4 stm32lib/Drivers/CMSIS/Device/ST/STM32F7xx/Source/Templates/system_stm32f7xx.o
                0x20000000                SystemCoreClock
 *(.data*)
                0x20000004                . = ALIGN (0x4)
                0x20000004                _edata = .

.igot.plt       0x20000004        0x0 load address 0x08001568
 .igot.plt      0x20000004        0x0 c:/ac6/systemworkbench/plugins/fr.ac6.mcu.externaltools.arm-none.win32_1.16.0.201807130628/tools/compiler/bin/../lib/gcc/arm-none-eabi/7.2.1/thumb/v7e-m/fpv5/hard/crtbegin.o
                0x20000004                . = ALIGN (0x4)

.bss            0x20000004       0x90 load address 0x08001568
                0x20000004                _sbss = .
                0x20000004                __bss_start__ = _sbss
 *(.bss)
 .bss           0x20000004       0x1c c:/ac6/systemworkbench/plugins/fr.ac6.mcu.externaltools.arm-none.win32_1.16.0.201807130628/tools/compiler/bin/../lib/gcc/arm-none-eabi/7.2.1/thumb/v7e-m/fpv5/hard/crtbegin.o
 *(.bss*)
 *(COMMON)
 COMMON         0x20000020       0x70 src/init.o
                0x20000020                USB_UART
 COMMON         0x20000090        0x4 stm32lib/Drivers/STM32F7xx_HAL_Driver/Src/stm32f7xx_hal.o
                0x20000090                uwTick
                0x20000094                . = ALIGN (0x4)
                0x20000094                _ebss = .
                0x20000094                __bss_end__ = _ebss

._user_heap_stack
                0x20000094      0x404 load address 0x08001568
                0x20000098                . = ALIGN (0x8)
 *fill*         0x20000094        0x4 
                [!provide]                PROVIDE (end, .)
                [!provide]                PROVIDE (_end, .)
                0x20000098                . = (. + _Min_Heap_Size)
                0x20000498                . = (. + _Min_Stack_Size)
 *fill*         0x20000098      0x400 
                0x20000498                . = ALIGN (0x8)

/DISCARD/
 libc.a(*)
 libm.a(*)
 libgcc.a(*)

.ARM.attributes
                0x00000000       0x2e
 *(.ARM.attributes)
 .ARM.attributes
                0x00000000       0x20 c:/ac6/systemworkbench/plugins/fr.ac6.mcu.externaltools.arm-none.win32_1.16.0.201807130628/tools/compiler/bin/../lib/gcc/arm-none-eabi/7.2.1/thumb/v7e-m/fpv5/hard/crti.o
 .ARM.attributes
                0x00000020       0x32 c:/ac6/systemworkbench/plugins/fr.ac6.mcu.externaltools.arm-none.win32_1.16.0.201807130628/tools/compiler/bin/../lib/gcc/arm-none-eabi/7.2.1/thumb/v7e-m/fpv5/hard/crtbegin.o
 .ARM.attributes
                0x00000052       0x37 src/init.o
 .ARM.attributes
                0x00000089       0x37 src/task_3a.o
 .ARM.attributes
                0x000000c0       0x37 src/uart.o
 .ARM.attributes
                0x000000f7       0x21 startup/startup_stm32f769xx.o
 .ARM.attributes
                0x00000118       0x37 stm32lib/Drivers/CMSIS/Device/ST/STM32F7xx/Source/Templates/system_stm32f7xx.o
 .ARM.attributes
                0x0000014f       0x37 stm32lib/Drivers/STM32F7xx_HAL_Driver/Src/stm32f7xx_hal.o
 .ARM.attributes
                0x00000186       0x37 stm32lib/Drivers/STM32F7xx_HAL_Driver/Src/stm32f7xx_hal_cortex.o
 .ARM.attributes
                0x000001bd       0x37 stm32lib/Drivers/STM32F7xx_HAL_Driver/Src/stm32f7xx_hal_gpio.o
 .ARM.attributes
                0x000001f4       0x37 stm32lib/Drivers/STM32F7xx_HAL_Driver/Src/stm32f7xx_hal_pwr_ex.o
 .ARM.attributes
                0x0000022b       0x37 stm32lib/Drivers/STM32F7xx_HAL_Driver/Src/stm32f7xx_hal_rcc.o
 .ARM.attributes
                0x00000262       0x37 stm32lib/Drivers/STM32F7xx_HAL_Driver/Src/stm32f7xx_hal_uart.o
 .ARM.attributes
                0x00000299       0x32 c:/ac6/systemworkbench/plugins/fr.ac6.mcu.externaltools.arm-none.win32_1.16.0.201807130628/tools/compiler/bin/../lib/gcc/arm-none-eabi/7.2.1/../../../../arm-none-eabi/lib/thumb/v7e-m/fpv5/hard\libc_nano.a(lib_a-init.o)
 .ARM.attributes
                0x000002cb       0x20 c:/ac6/systemworkbench/plugins/fr.ac6.mcu.externaltools.arm-none.win32_1.16.0.201807130628/tools/compiler/bin/../lib/gcc/arm-none-eabi/7.2.1/thumb/v7e-m/fpv5/hard/crtn.o
OUTPUT(MPS_Lab01.elf elf32-littlearm)

.debug_info     0x00000000     0xce28
 .debug_info    0x00000000     0x15a2 src/init.o
 .debug_info    0x000015a2      0xfb7 src/task_3a.o
 .debug_info    0x00002559     0x159c src/uart.o
 .debug_info    0x00003af5       0x22 startup/startup_stm32f769xx.o
 .debug_info    0x00003b17      0xf12 stm32lib/Drivers/CMSIS/Device/ST/STM32F7xx/Source/Templates/system_stm32f7xx.o
 .debug_info    0x00004a29     0x124f stm32lib/Drivers/STM32F7xx_HAL_Driver/Src/stm32f7xx_hal.o
 .debug_info    0x00005c78     0x19bf stm32lib/Drivers/STM32F7xx_HAL_Driver/Src/stm32f7xx_hal_cortex.o
 .debug_info    0x00007637      0xfc7 stm32lib/Drivers/STM32F7xx_HAL_Driver/Src/stm32f7xx_hal_gpio.o
 .debug_info    0x000085fe     0x124b stm32lib/Drivers/STM32F7xx_HAL_Driver/Src/stm32f7xx_hal_pwr_ex.o
 .debug_info    0x00009849     0x1572 stm32lib/Drivers/STM32F7xx_HAL_Driver/Src/stm32f7xx_hal_rcc.o
 .debug_info    0x0000adbb     0x206d stm32lib/Drivers/STM32F7xx_HAL_Driver/Src/stm32f7xx_hal_uart.o

.debug_abbrev   0x00000000     0x1c36
 .debug_abbrev  0x00000000      0x2d7 src/init.o
 .debug_abbrev  0x000002d7      0x229 src/task_3a.o
 .debug_abbrev  0x00000500      0x2a5 src/uart.o
 .debug_abbrev  0x000007a5       0x12 startup/startup_stm32f769xx.o
 .debug_abbrev  0x000007b7      0x212 stm32lib/Drivers/CMSIS/Device/ST/STM32F7xx/Source/Templates/system_stm32f7xx.o
 .debug_abbrev  0x000009c9      0x2c9 stm32lib/Drivers/STM32F7xx_HAL_Driver/Src/stm32f7xx_hal.o
 .debug_abbrev  0x00000c92      0x3d6 stm32lib/Drivers/STM32F7xx_HAL_Driver/Src/stm32f7xx_hal_cortex.o
 .debug_abbrev  0x00001068      0x2a7 stm32lib/Drivers/STM32F7xx_HAL_Driver/Src/stm32f7xx_hal_gpio.o
 .debug_abbrev  0x0000130f      0x2db stm32lib/Drivers/STM32F7xx_HAL_Driver/Src/stm32f7xx_hal_pwr_ex.o
 .debug_abbrev  0x000015ea      0x338 stm32lib/Drivers/STM32F7xx_HAL_Driver/Src/stm32f7xx_hal_rcc.o
 .debug_abbrev  0x00001922      0x314 stm32lib/Drivers/STM32F7xx_HAL_Driver/Src/stm32f7xx_hal_uart.o

.debug_loc      0x00000000     0x2d00
 .debug_loc     0x00000000       0xd7 src/init.o
 .debug_loc     0x000000d7      0x2f1 src/uart.o
 .debug_loc     0x000003c8      0x13e stm32lib/Drivers/CMSIS/Device/ST/STM32F7xx/Source/Templates/system_stm32f7xx.o
 .debug_loc     0x00000506       0x6a stm32lib/Drivers/STM32F7xx_HAL_Driver/Src/stm32f7xx_hal.o
 .debug_loc     0x00000570      0x5c0 stm32lib/Drivers/STM32F7xx_HAL_Driver/Src/stm32f7xx_hal_cortex.o
 .debug_loc     0x00000b30      0x469 stm32lib/Drivers/STM32F7xx_HAL_Driver/Src/stm32f7xx_hal_gpio.o
 .debug_loc     0x00000f99      0x198 stm32lib/Drivers/STM32F7xx_HAL_Driver/Src/stm32f7xx_hal_pwr_ex.o
 .debug_loc     0x00001131      0x5bd stm32lib/Drivers/STM32F7xx_HAL_Driver/Src/stm32f7xx_hal_rcc.o
 .debug_loc     0x000016ee     0x1612 stm32lib/Drivers/STM32F7xx_HAL_Driver/Src/stm32f7xx_hal_uart.o

.debug_aranges  0x00000000      0x578
 .debug_aranges
                0x00000000       0x38 src/init.o
 .debug_aranges
                0x00000038       0x20 src/task_3a.o
 .debug_aranges
                0x00000058       0x58 src/uart.o
 .debug_aranges
                0x000000b0       0x28 startup/startup_stm32f769xx.o
 .debug_aranges
                0x000000d8       0x28 stm32lib/Drivers/CMSIS/Device/ST/STM32F7xx/Source/Templates/system_stm32f7xx.o
 .debug_aranges
                0x00000100       0xe0 stm32lib/Drivers/STM32F7xx_HAL_Driver/Src/stm32f7xx_hal.o
 .debug_aranges
                0x000001e0       0xa8 stm32lib/Drivers/STM32F7xx_HAL_Driver/Src/stm32f7xx_hal_cortex.o
 .debug_aranges
                0x00000288       0x58 stm32lib/Drivers/STM32F7xx_HAL_Driver/Src/stm32f7xx_hal_gpio.o
 .debug_aranges
                0x000002e0       0x80 stm32lib/Drivers/STM32F7xx_HAL_Driver/Src/stm32f7xx_hal_pwr_ex.o
 .debug_aranges
                0x00000360       0x88 stm32lib/Drivers/STM32F7xx_HAL_Driver/Src/stm32f7xx_hal_rcc.o
 .debug_aranges
                0x000003e8      0x190 stm32lib/Drivers/STM32F7xx_HAL_Driver/Src/stm32f7xx_hal_uart.o

.debug_ranges   0x00000000      0x530
 .debug_ranges  0x00000000       0x28 src/init.o
 .debug_ranges  0x00000028       0x10 src/task_3a.o
 .debug_ranges  0x00000038       0x48 src/uart.o
 .debug_ranges  0x00000080       0x20 startup/startup_stm32f769xx.o
 .debug_ranges  0x000000a0       0x18 stm32lib/Drivers/CMSIS/Device/ST/STM32F7xx/Source/Templates/system_stm32f7xx.o
 .debug_ranges  0x000000b8       0xd0 stm32lib/Drivers/STM32F7xx_HAL_Driver/Src/stm32f7xx_hal.o
 .debug_ranges  0x00000188       0xf8 stm32lib/Drivers/STM32F7xx_HAL_Driver/Src/stm32f7xx_hal_cortex.o
 .debug_ranges  0x00000280       0x48 stm32lib/Drivers/STM32F7xx_HAL_Driver/Src/stm32f7xx_hal_gpio.o
 .debug_ranges  0x000002c8       0x70 stm32lib/Drivers/STM32F7xx_HAL_Driver/Src/stm32f7xx_hal_pwr_ex.o
 .debug_ranges  0x00000338       0x78 stm32lib/Drivers/STM32F7xx_HAL_Driver/Src/stm32f7xx_hal_rcc.o
 .debug_ranges  0x000003b0      0x180 stm32lib/Drivers/STM32F7xx_HAL_Driver/Src/stm32f7xx_hal_uart.o

.debug_macro    0x00000000    0x2b804
 .debug_macro   0x00000000      0x348 src/init.o
 .debug_macro   0x00000348      0xa66 src/init.o
 .debug_macro   0x00000dae       0x3b src/init.o
 .debug_macro   0x00000de9       0x22 src/init.o
 .debug_macro   0x00000e0b       0x87 src/init.o
 .debug_macro   0x00000e92       0x51 src/init.o
 .debug_macro   0x00000ee3       0xef src/init.o
 .debug_macro   0x00000fd2       0x6a src/init.o
 .debug_macro   0x0000103c      0x1df src/init.o
 .debug_macro   0x0000121b       0x35 src/init.o
 .debug_macro   0x00001250       0x50 src/init.o
 .debug_macro   0x000012a0     0x1114 src/init.o
 .debug_macro   0x000023b4    0x1f9e8 src/init.o
 .debug_macro   0x00021d9c      0x1aa src/init.o
 .debug_macro   0x00021f46       0x2e src/init.o
 .debug_macro   0x00021f74       0x43 src/init.o
 .debug_macro   0x00021fb7     0x35c8 src/init.o
 .debug_macro   0x0002557f       0x58 src/init.o
 .debug_macro   0x000255d7       0x17 src/init.o
 .debug_macro   0x000255ee       0x35 src/init.o
 .debug_macro   0x00025623       0x9c src/init.o
 .debug_macro   0x000256bf       0x16 src/init.o
 .debug_macro   0x000256d5       0x97 src/init.o
 .debug_macro   0x0002576c      0x330 src/init.o
 .debug_macro   0x00025a9c       0xfd src/init.o
 .debug_macro   0x00025b99       0x10 src/init.o
 .debug_macro   0x00025ba9       0x58 src/init.o
 .debug_macro   0x00025c01       0x1f src/init.o
 .debug_macro   0x00025c20       0x43 src/init.o
 .debug_macro   0x00025c63       0x20 src/init.o
 .debug_macro   0x00025c83      0x18e src/init.o
 .debug_macro   0x00025e11       0x10 src/init.o
 .debug_macro   0x00025e21       0x1c src/init.o
 .debug_macro   0x00025e3d       0x52 src/init.o
 .debug_macro   0x00025e8f       0x40 src/init.o
 .debug_macro   0x00025ecf       0x10 src/init.o
 .debug_macro   0x00025edf       0x40 src/init.o
 .debug_macro   0x00025f1f       0xd7 src/init.o
 .debug_macro   0x00025ff6       0x1c src/init.o
 .debug_macro   0x00026012       0x3d src/init.o
 .debug_macro   0x0002604f       0x16 src/init.o
 .debug_macro   0x00026065      0x16f src/init.o
 .debug_macro   0x000261d4       0x57 src/init.o
 .debug_macro   0x0002622b     0x1b3f src/init.o
 .debug_macro   0x00027d6a      0x6a2 src/init.o
 .debug_macro   0x0002840c      0x11e src/init.o
 .debug_macro   0x0002852a      0x27e src/init.o
 .debug_macro   0x000287a8       0x27 src/init.o
 .debug_macro   0x000287cf      0x24f src/init.o
 .debug_macro   0x00028a1e       0x71 src/init.o
 .debug_macro   0x00028a8f       0x58 src/init.o
 .debug_macro   0x00028ae7      0x23a src/init.o
 .debug_macro   0x00028d21      0x156 src/init.o
 .debug_macro   0x00028e77      0x3de src/init.o
 .debug_macro   0x00029255       0x12 src/init.o
 .debug_macro   0x00029267      0x133 src/init.o
 .debug_macro   0x0002939a      0x10c src/init.o
 .debug_macro   0x000294a6       0x35 src/init.o
 .debug_macro   0x000294db      0x4e8 src/init.o
 .debug_macro   0x000299c3       0x47 src/init.o
 .debug_macro   0x00029a0a      0x158 src/init.o
 .debug_macro   0x00029b62       0x16 src/init.o
 .debug_macro   0x00029b78       0x35 src/init.o
 .debug_macro   0x00029bad       0x4c src/init.o
 .debug_macro   0x00029bf9      0x352 src/task_3a.o
 .debug_macro   0x00029f4b      0x33e src/uart.o
 .debug_macro   0x0002a289      0x2f3 stm32lib/Drivers/CMSIS/Device/ST/STM32F7xx/Source/Templates/system_stm32f7xx.o
 .debug_macro   0x0002a57c      0x320 stm32lib/Drivers/STM32F7xx_HAL_Driver/Src/stm32f7xx_hal.o
 .debug_macro   0x0002a89c      0x2fc stm32lib/Drivers/STM32F7xx_HAL_Driver/Src/stm32f7xx_hal_cortex.o
 .debug_macro   0x0002ab98      0x334 stm32lib/Drivers/STM32F7xx_HAL_Driver/Src/stm32f7xx_hal_gpio.o
 .debug_macro   0x0002aecc      0x314 stm32lib/Drivers/STM32F7xx_HAL_Driver/Src/stm32f7xx_hal_pwr_ex.o
 .debug_macro   0x0002b1e0      0x320 stm32lib/Drivers/STM32F7xx_HAL_Driver/Src/stm32f7xx_hal_rcc.o
 .debug_macro   0x0002b500      0x304 stm32lib/Drivers/STM32F7xx_HAL_Driver/Src/stm32f7xx_hal_uart.o

.debug_line     0x00000000     0x5e15
 .debug_line    0x00000000      0x7e8 src/init.o
 .debug_line    0x000007e8      0x76b src/task_3a.o
 .debug_line    0x00000f53      0x7f1 src/uart.o
 .debug_line    0x00001744       0x7f startup/startup_stm32f769xx.o
 .debug_line    0x000017c3      0x772 stm32lib/Drivers/CMSIS/Device/ST/STM32F7xx/Source/Templates/system_stm32f7xx.o
 .debug_line    0x00001f35      0x8ff stm32lib/Drivers/STM32F7xx_HAL_Driver/Src/stm32f7xx_hal.o
 .debug_line    0x00002834      0x96c stm32lib/Drivers/STM32F7xx_HAL_Driver/Src/stm32f7xx_hal_cortex.o
 .debug_line    0x000031a0      0x8bc stm32lib/Drivers/STM32F7xx_HAL_Driver/Src/stm32f7xx_hal_gpio.o
 .debug_line    0x00003a5c      0x879 stm32lib/Drivers/STM32F7xx_HAL_Driver/Src/stm32f7xx_hal_pwr_ex.o
 .debug_line    0x000042d5      0xa58 stm32lib/Drivers/STM32F7xx_HAL_Driver/Src/stm32f7xx_hal_rcc.o
 .debug_line    0x00004d2d     0x10e8 stm32lib/Drivers/STM32F7xx_HAL_Driver/Src/stm32f7xx_hal_uart.o

.debug_str      0x00000000   0x10237e
 .debug_str     0x00000000   0x10064f src/init.o
                             0x1009d8 (size before relaxing)
 .debug_str     0x0010064f       0x99 src/task_3a.o
                             0x1006f8 (size before relaxing)
 .debug_str     0x001006e8      0x1e9 src/uart.o
                             0x1008ad (size before relaxing)
 .debug_str     0x001008d1       0x30 startup/startup_stm32f769xx.o
                                 0x4c (size before relaxing)
 .debug_str     0x00100901       0xac stm32lib/Drivers/CMSIS/Device/ST/STM32F7xx/Source/Templates/system_stm32f7xx.o
                              0xff18a (size before relaxing)
 .debug_str     0x001009ad      0x9fc stm32lib/Drivers/STM32F7xx_HAL_Driver/Src/stm32f7xx_hal.o
                             0x100c96 (size before relaxing)
 .debug_str     0x001013a9      0x356 stm32lib/Drivers/STM32F7xx_HAL_Driver/Src/stm32f7xx_hal_cortex.o
                             0x100cf3 (size before relaxing)
 .debug_str     0x001016ff      0x264 stm32lib/Drivers/STM32F7xx_HAL_Driver/Src/stm32f7xx_hal_gpio.o
                             0x1004db (size before relaxing)
 .debug_str     0x00101963      0x205 stm32lib/Drivers/STM32F7xx_HAL_Driver/Src/stm32f7xx_hal_pwr_ex.o
                             0x100597 (size before relaxing)
 .debug_str     0x00101b68      0x232 stm32lib/Drivers/STM32F7xx_HAL_Driver/Src/stm32f7xx_hal_rcc.o
                             0x100641 (size before relaxing)
 .debug_str     0x00101d9a      0x5e4 stm32lib/Drivers/STM32F7xx_HAL_Driver/Src/stm32f7xx_hal_uart.o
                             0x100d49 (size before relaxing)

.comment        0x00000000       0x7e
 .comment       0x00000000       0x7e src/init.o
                                 0x7f (size before relaxing)
 .comment       0x0000007e       0x7f src/task_3a.o
 .comment       0x0000007e       0x7f src/uart.o
 .comment       0x0000007e       0x7f stm32lib/Drivers/CMSIS/Device/ST/STM32F7xx/Source/Templates/system_stm32f7xx.o
 .comment       0x0000007e       0x7f stm32lib/Drivers/STM32F7xx_HAL_Driver/Src/stm32f7xx_hal.o
 .comment       0x0000007e       0x7f stm32lib/Drivers/STM32F7xx_HAL_Driver/Src/stm32f7xx_hal_cortex.o
 .comment       0x0000007e       0x7f stm32lib/Drivers/STM32F7xx_HAL_Driver/Src/stm32f7xx_hal_gpio.o
 .comment       0x0000007e       0x7f stm32lib/Drivers/STM32F7xx_HAL_Driver/Src/stm32f7xx_hal_pwr_ex.o
 .comment       0x0000007e       0x7f stm32lib/Drivers/STM32F7xx_HAL_Driver/Src/stm32f7xx_hal_rcc.o
 .comment       0x0000007e       0x7f stm32lib/Drivers/STM32F7xx_HAL_Driver/Src/stm32f7xx_hal_uart.o

.debug_frame    0x00000000      0xcc4
 .debug_frame   0x00000000       0x78 src/init.o
 .debug_frame   0x00000078       0x28 src/task_3a.o
 .debug_frame   0x000000a0       0xf4 src/uart.o
 .debug_frame   0x00000194       0x3c stm32lib/Drivers/CMSIS/Device/ST/STM32F7xx/Source/Templates/system_stm32f7xx.o
 .debug_frame   0x000001d0      0x1c8 stm32lib/Drivers/STM32F7xx_HAL_Driver/Src/stm32f7xx_hal.o
 .debug_frame   0x00000398      0x15c stm32lib/Drivers/STM32F7xx_HAL_Driver/Src/stm32f7xx_hal_cortex.o
 .debug_frame   0x000004f4       0xd8 stm32lib/Drivers/STM32F7xx_HAL_Driver/Src/stm32f7xx_hal_gpio.o
 .debug_frame   0x000005cc      0x134 stm32lib/Drivers/STM32F7xx_HAL_Driver/Src/stm32f7xx_hal_pwr_ex.o
 .debug_frame   0x00000700      0x140 stm32lib/Drivers/STM32F7xx_HAL_Driver/Src/stm32f7xx_hal_rcc.o
 .debug_frame   0x00000840      0x458 stm32lib/Drivers/STM32F7xx_HAL_Driver/Src/stm32f7xx_hal_uart.o
 .debug_frame   0x00000c98       0x2c c:/ac6/systemworkbench/plugins/fr.ac6.mcu.externaltools.arm-none.win32_1.16.0.201807130628/tools/compiler/bin/../lib/gcc/arm-none-eabi/7.2.1/../../../../arm-none-eabi/lib/thumb/v7e-m/fpv5/hard\libc_nano.a(lib_a-init.o)
